<html>
<body>
<pre>
<h1>µVision Build Log</h1>
<h2>Tool Versions:</h2>
IDE-Version: µVision V5.21.1.0
Copyright (C) 2016 ARM Ltd and ARM Germany GmbH. All rights reserved.
License Information: Luis Jerónimo, edX UT.12.01x, LIC=----
 
Tool Versions:
Toolchain:       MDK-Lite  Version: 5.21a
Toolchain Path:  C:\Keil_v5\ARM\ARMCC\Bin
C Compiler:      Armcc.exe V5.06 update 3 (build 300)
Assembler:       Armasm.exe V5.06 update 3 (build 300)
Linker/Locator:  ArmLink.exe V5.06 update 3 (build 300)
Library Manager: ArmAr.exe V5.06 update 3 (build 300)
Hex Converter:   FromElf.exe V5.06 update 3 (build 300)
CPU DLL:         SARMCM3.DLL V5.21a
Dialog DLL:      DCM.DLL V1.13.8.0
Target DLL:      lmidk-agdi.dll V???
Dialog DLL:      TCM.DLL V1.14.14.0
 
<h2>Project:</h2>
C:\Keil_v5\TM4C123Valvanoware\Lab6wLab3_4C123\Lab6.uvprojx
Project File Date:  10/10/2016

<h2>Output:</h2>
*** Using Compiler 'V5.06 update 3 (build 300)', folder: 'C:\Keil_v5\ARM\ARMCC\Bin'
Rebuild target 'Lab6'
assembling osasm.s...
compiling os.c...
compiling AP_Lab6.c...
AP_Lab6.c(246): warning:  #223-D: function "strlen" declared implicitly
  	msg[1]=(uint8_t)(6 + strlen(name) + 1);//length, strlen no incluye el 0
AP_Lab6.c(256): warning:  #223-D: function "strcpy" declared implicitly
  	strcpy((uint8_t *)&msg[11],name);//copiamos el name
AP_Lab6.c(315): warning:  #223-D: function "strlen" declared implicitly
  	msg[1]=(uint8_t)(7 + strlen(name) + 1);//lengthL
AP_Lab6.c(326): warning:  #223-D: function "strcpy" declared implicitly
  	strcpy((uint8_t *)&msg[12],name);//copiamos el name
AP_Lab6.c(378): warning:  #223-D: function "strlen" declared implicitly
  	msg[1]=3+strlen(name);//length L
AP_Lab6.c(385): warning:  #223-D: function "strcpy" declared implicitly
  	strcpy((uint8_t *)&msg[8],name);//Copy name
AP_Lab6.c(436): warning:  #223-D: function "strlen" declared implicitly
  	msg[1]=(uint8_t)(12+strlen(name));//length L
AP_Lab6.c(443): warning:  #223-D: function "strcpy" declared implicitly
  	strcpy((uint8_t *)&msg[8],name);
AP_Lab6.c: 8 warnings, 0 errors
compiling Lab6.c...
compiling Profile.c...
compiling CortexM.c...
compiling BSP.c...
compiling AP.c...
compiling GPIO.c...
compiling UART0.c...
assembling startup_TM4C123.s...
compiling system_TM4C123.c...
compiling UART1.c...
linking...
Program Size: Code=21648 RO-data=2348 RW-data=440 ZI-data=7584  
".\Objects\Lab6.axf" - 0 Error(s), 8 Warning(s).

<h2>Software Packages used:</h2>

Package Vendor: ARM
                http://www.keil.com/pack/ARM.CMSIS.4.5.0.pack
                ARM::CMSIS:CORE:4.3.0
                CMSIS (Cortex Microcontroller Software Interface Standard)
   * Component: CORE Version: 4.3.0

Package Vendor: Keil
                http://www.keil.com/pack/Keil.TM4C_DFP.1.1.0.pack
                Keil::Device:Startup:1.0.1
                Texas Instruments Tiva C Series Device Support and Examples
   * Component: Startup Version: 1.0.1

<h2>Collection of Component include folders:</h2>
  C:\Keil_v5\TM4C123Valvanoware\Lab6wLab3_4C123\RTE
  C:\Keil_v5\ARM\PACK\ARM\CMSIS\4.5.0\CMSIS\Include
  C:\Keil_v5\ARM\PACK\Keil\TM4C_DFP\1.1.0\Device\Include\TM4C123

<h2>Collection of Component Files used:</h2>

   * Component: ARM::CMSIS:CORE:4.3.0

   * Component: Keil::Device:Startup:1.0.1
      Include file:  Device\Include\TM4C123\TM4C123.h
      Source file:   Device\Source\ARM\startup_TM4C123.s
      Source file:   Device\Source\system_TM4C123.c
Build Time Elapsed:  00:00:02
</pre>
</body>
</html>
